\BOOKMARK [0][-]{chapter.1}{\376\377\0001\000\040\000L\000E\000D\000\040\000T\000a\000s\000t\000e\000r\000\040\000S\000t\000a\000t\000e\000m\000a\000c\000h\000i\000n\000e\000\040}{}% 1
\BOOKMARK [0][-]{chapter.2}{\376\377\0002\000\040\000A\000u\000s\000s\000t\000e\000h\000e\000n\000d\000e\000\040\000A\000u\000f\000g\000a\000b\000e\000n\000\040}{}% 2
\BOOKMARK [0][-]{chapter.3}{\376\377\0003\000\040\000T\000h\000e\000m\000e\000n\000\040\000I\000n\000d\000e\000x}{}% 3
\BOOKMARK [1][-]{section.3.1}{\376\377\0003\000.\0001\000\040\000T\000h\000e\000m\000e\000n}{chapter.3}% 4
\BOOKMARK [0][-]{chapter.4}{\376\377\0004\000\040\000V\000e\000r\000z\000e\000i\000c\000h\000n\000i\000s\000h\000i\000e\000r\000a\000r\000c\000h\000i\000e}{}% 5
\BOOKMARK [1][-]{section.4.1}{\376\377\0004\000.\0001\000\040\000V\000e\000r\000z\000e\000i\000c\000h\000n\000i\000s\000s\000e}{chapter.4}% 6
\BOOKMARK [0][-]{chapter.5}{\376\377\0005\000\040\000D\000a\000t\000e\000n\000s\000t\000r\000u\000k\000t\000u\000r\000-\000V\000e\000r\000z\000e\000i\000c\000h\000n\000i\000s}{}% 7
\BOOKMARK [1][-]{section.5.1}{\376\377\0005\000.\0001\000\040\000D\000a\000t\000e\000n\000s\000t\000r\000u\000k\000t\000u\000r\000e\000n}{chapter.5}% 8
\BOOKMARK [0][-]{chapter.6}{\376\377\0006\000\040\000D\000a\000t\000e\000i\000-\000V\000e\000r\000z\000e\000i\000c\000h\000n\000i\000s}{}% 9
\BOOKMARK [1][-]{section.6.1}{\376\377\0006\000.\0001\000\040\000A\000u\000f\000l\000i\000s\000t\000u\000n\000g\000\040\000d\000e\000r\000\040\000D\000a\000t\000e\000i\000e\000n}{chapter.6}% 10
\BOOKMARK [0][-]{chapter.7}{\376\377\0007\000\040\000T\000h\000e\000m\000e\000n\000\040\000D\000o\000k\000u\000m\000e\000n\000t\000a\000t\000i\000o\000n}{}% 11
\BOOKMARK [1][-]{section.7.1}{\376\377\0007\000.\0001\000\040\000a\000d\000c\0001\0000\000\137\000a\000\040}{chapter.7}% 12
\BOOKMARK [1][-]{section.7.2}{\376\377\0007\000.\0002\000\040\000a\000d\000c\0001\0002\000\137\000a\000\040}{chapter.7}% 13
\BOOKMARK [1][-]{section.7.3}{\376\377\0007\000.\0003\000\040\000a\000e\000s\000\040}{chapter.7}% 14
\BOOKMARK [1][-]{section.7.4}{\376\377\0007\000.\0004\000\040\000b\000a\000t\000t\000b\000a\000k\000\040}{chapter.7}% 15
\BOOKMARK [1][-]{section.7.5}{\376\377\0007\000.\0005\000\040\000c\000o\000m\000p\000\137\000b\000\040}{chapter.7}% 16
\BOOKMARK [1][-]{section.7.6}{\376\377\0007\000.\0006\000\040\000c\000r\000c\000\040}{chapter.7}% 17
\BOOKMARK [1][-]{section.7.7}{\376\377\0007\000.\0007\000\040\000c\000t\000s\000d\0001\0006\000\040}{chapter.7}% 18
\BOOKMARK [1][-]{section.7.8}{\376\377\0007\000.\0008\000\040\000d\000a\000c\0001\0002\000\137\000a\000\040}{chapter.7}% 19
\BOOKMARK [1][-]{section.7.9}{\376\377\0007\000.\0009\000\040\000d\000m\000a\000\040}{chapter.7}% 20
\BOOKMARK [1][-]{section.7.10}{\376\377\0007\000.\0001\0000\000\040\000e\000u\000s\000c\000i\000\137\000a\000\137\000s\000p\000i\000\040}{chapter.7}% 21
\BOOKMARK [1][-]{section.7.11}{\376\377\0007\000.\0001\0001\000\040\000e\000u\000s\000c\000i\000\137\000a\000\137\000u\000a\000r\000t\000\040}{chapter.7}% 22
\BOOKMARK [1][-]{section.7.12}{\376\377\0007\000.\0001\0002\000\040\000e\000u\000s\000c\000i\000\137\000b\000\137\000i\0002\000c\000\040}{chapter.7}% 23
\BOOKMARK [1][-]{section.7.13}{\376\377\0007\000.\0001\0003\000\040\000e\000u\000s\000c\000i\000\137\000b\000\137\000s\000p\000i\000\040}{chapter.7}% 24
\BOOKMARK [1][-]{section.7.14}{\376\377\0007\000.\0001\0004\000\040\000f\000l\000a\000s\000h\000c\000t\000l\000\040}{chapter.7}% 25
\BOOKMARK [1][-]{section.7.15}{\376\377\0007\000.\0001\0005\000\040\000g\000p\000i\000o\000\040}{chapter.7}% 26
\BOOKMARK [1][-]{section.7.16}{\376\377\0007\000.\0001\0006\000\040\000l\000c\000d\000\137\000b\000\040}{chapter.7}% 27
\BOOKMARK [1][-]{section.7.17}{\376\377\0007\000.\0001\0007\000\040\000l\000c\000d\000\137\000c\000\040}{chapter.7}% 28
\BOOKMARK [1][-]{section.7.18}{\376\377\0007\000.\0001\0008\000\040\000l\000d\000o\000p\000w\000r\000\040}{chapter.7}% 29
\BOOKMARK [1][-]{section.7.19}{\376\377\0007\000.\0001\0009\000\040\000m\000p\000y\0003\0002\000\040}{chapter.7}% 30
\BOOKMARK [1][-]{section.7.20}{\376\377\0007\000.\0002\0000\000\040\000o\000a\000\040}{chapter.7}% 31
\BOOKMARK [1][-]{section.7.21}{\376\377\0007\000.\0002\0001\000\040\000p\000m\000a\000p\000\040}{chapter.7}% 32
\BOOKMARK [1][-]{section.7.22}{\376\377\0007\000.\0002\0002\000\040\000p\000m\000m\000\040}{chapter.7}% 33
\BOOKMARK [1][-]{section.7.23}{\376\377\0007\000.\0002\0003\000\040\000r\000a\000m\000\040}{chapter.7}% 34
\BOOKMARK [1][-]{section.7.24}{\376\377\0007\000.\0002\0004\000\040\000r\000e\000f\000\040}{chapter.7}% 35
\BOOKMARK [1][-]{section.7.25}{\376\377\0007\000.\0002\0005\000\040\000r\000t\000c\000\137\000a\000\040}{chapter.7}% 36
\BOOKMARK [1][-]{section.7.26}{\376\377\0007\000.\0002\0006\000\040\000r\000t\000c\000\137\000b\000\040}{chapter.7}% 37
\BOOKMARK [1][-]{section.7.27}{\376\377\0007\000.\0002\0007\000\040\000r\000t\000c\000\137\000c\000\040}{chapter.7}% 38
\BOOKMARK [1][-]{section.7.28}{\376\377\0007\000.\0002\0008\000\040\000s\000d\0002\0004\000\137\000b\000\040}{chapter.7}% 39
\BOOKMARK [1][-]{section.7.29}{\376\377\0007\000.\0002\0009\000\040\000s\000f\000r\000\040}{chapter.7}% 40
\BOOKMARK [1][-]{section.7.30}{\376\377\0007\000.\0003\0000\000\040\000s\000y\000s\000c\000t\000l\000\040}{chapter.7}% 41
\BOOKMARK [1][-]{section.7.31}{\376\377\0007\000.\0003\0001\000\040\000t\000e\000c\000\040}{chapter.7}% 42
\BOOKMARK [1][-]{section.7.32}{\376\377\0007\000.\0003\0002\000\040\000t\000i\000m\000e\000r\000\137\000a\000\040}{chapter.7}% 43
\BOOKMARK [1][-]{section.7.33}{\376\377\0007\000.\0003\0003\000\040\000t\000i\000m\000e\000r\000\137\000b\000\040}{chapter.7}% 44
\BOOKMARK [1][-]{section.7.34}{\376\377\0007\000.\0003\0004\000\040\000t\000i\000m\000e\000r\000\137\000d\000\040}{chapter.7}% 45
\BOOKMARK [1][-]{section.7.35}{\376\377\0007\000.\0003\0005\000\040\000t\000l\000v\000\040}{chapter.7}% 46
\BOOKMARK [1][-]{section.7.36}{\376\377\0007\000.\0003\0006\000\040\000u\000c\000s\000\040}{chapter.7}% 47
\BOOKMARK [1][-]{section.7.37}{\376\377\0007\000.\0003\0007\000\040\000u\000s\000c\000i\000\137\000a\000\137\000s\000p\000i\000\040}{chapter.7}% 48
\BOOKMARK [1][-]{section.7.38}{\376\377\0007\000.\0003\0008\000\040\000u\000s\000c\000i\000\137\000a\000\137\000u\000a\000r\000t\000\040}{chapter.7}% 49
\BOOKMARK [1][-]{section.7.39}{\376\377\0007\000.\0003\0009\000\040\000u\000s\000c\000i\000\137\000b\000\137\000i\0002\000c\000\040}{chapter.7}% 50
\BOOKMARK [1][-]{section.7.40}{\376\377\0007\000.\0004\0000\000\040\000u\000s\000c\000i\000\137\000b\000\137\000s\000p\000i\000\040}{chapter.7}% 51
\BOOKMARK [1][-]{section.7.41}{\376\377\0007\000.\0004\0001\000\040\000w\000d\000t\000\137\000a\000\040}{chapter.7}% 52
\BOOKMARK [1][-]{section.7.42}{\376\377\0007\000.\0004\0002\000\040\000C\000o\000m\000p\000i\000l\000e\000r\000\040\000V\000o\000r\000g\000a\000b\000e\000n\000\040}{chapter.7}% 53
\BOOKMARK [2][-]{subsection.7.42.1}{\376\377\0007\000.\0004\0002\000.\0001\000\040\000C\000o\000m\000p\000i\000l\000i\000e\000r\000u\000n\000g}{section.7.42}% 54
\BOOKMARK [1][-]{section.7.43}{\376\377\0007\000.\0004\0003\000\040\000C\000o\000p\000y\000r\000i\000g\000h\000t\000\040}{chapter.7}% 55
\BOOKMARK [0][-]{chapter.8}{\376\377\0008\000\040\000V\000e\000r\000z\000e\000i\000c\000h\000n\000i\000s\000d\000o\000k\000u\000m\000e\000n\000t\000a\000t\000i\000o\000n}{}% 56
\BOOKMARK [1][-]{section.8.1}{\376\377\0008\000.\0001\000\040\000d\000r\000i\000v\000e\000r\000l\000i\000b\000-\000V\000e\000r\000z\000e\000i\000c\000h\000n\000i\000s\000r\000e\000f\000e\000r\000e\000n\000z}{chapter.8}% 57
\BOOKMARK [1][-]{section.8.2}{\376\377\0008\000.\0002\000\040\000d\000r\000i\000v\000e\000r\000l\000i\000b\000/\000M\000S\000P\0004\0003\0000\000F\0005\000x\000x\000\137\0006\000x\000x\000/\000i\000n\000c\000-\000V\000e\000r\000z\000e\000i\000c\000h\000n\000i\000s\000r\000e\000f\000e\000r\000e\000n\000z}{chapter.8}% 58
\BOOKMARK [1][-]{section.8.3}{\376\377\0008\000.\0003\000\040\000d\000r\000i\000v\000e\000r\000l\000i\000b\000/\000M\000S\000P\0004\0003\0000\000F\0005\000x\000x\000\137\0006\000x\000x\000-\000V\000e\000r\000z\000e\000i\000c\000h\000n\000i\000s\000r\000e\000f\000e\000r\000e\000n\000z}{chapter.8}% 59
\BOOKMARK [0][-]{chapter.9}{\376\377\0009\000\040\000D\000a\000t\000e\000n\000s\000t\000r\000u\000k\000t\000u\000r\000-\000D\000o\000k\000u\000m\000e\000n\000t\000a\000t\000i\000o\000n}{}% 60
\BOOKMARK [1][-]{section.9.1}{\376\377\0009\000.\0001\000\040\000B\000u\000t\000t\000o\000n\000\137\000t\000\040\000S\000t\000r\000u\000k\000t\000u\000r\000r\000e\000f\000e\000r\000e\000n\000z}{chapter.9}% 61
\BOOKMARK [2][-]{subsection.9.1.1}{\376\377\0009\000.\0001\000.\0001\000\040\000A\000u\000s\000f\000\374\000h\000r\000l\000i\000c\000h\000e\000\040\000B\000e\000s\000c\000h\000r\000e\000i\000b\000u\000n\000g}{section.9.1}% 62
\BOOKMARK [2][-]{subsection.9.1.2}{\376\377\0009\000.\0001\000.\0002\000\040\000D\000o\000k\000u\000m\000e\000n\000t\000a\000t\000i\000o\000n\000\040\000d\000e\000r\000\040\000F\000e\000l\000d\000e\000r}{section.9.1}% 63
\BOOKMARK [3][-]{subsubsection.9.1.2.1}{\376\377\0009\000.\0001\000.\0002\000.\0001\000\040\000d\000e\000b\000o\000u\000n\000c\000e\000\137\000t\000i\000m\000e\000\137\000m\000s}{subsection.9.1.2}% 64
\BOOKMARK [3][-]{subsubsection.9.1.2.2}{\376\377\0009\000.\0001\000.\0002\000.\0002\000\040\000p\000r\000e\000s\000s\000\137\000t\000i\000m\000e\000\137\000m\000s}{subsection.9.1.2}% 65
\BOOKMARK [3][-]{subsubsection.9.1.2.3}{\376\377\0009\000.\0001\000.\0002\000.\0003\000\040\000r\000a\000w\000\137\000l\000e\000v\000e\000l\000\137\000l\000a\000s\000t}{subsection.9.1.2}% 66
\BOOKMARK [3][-]{subsubsection.9.1.2.4}{\376\377\0009\000.\0001\000.\0002\000.\0004\000\040\000s\000t\000a\000t\000e}{subsection.9.1.2}% 67
\BOOKMARK [1][-]{section.9.2}{\376\377\0009\000.\0002\000\040\000L\000e\000d\000\137\000t\000\040\000S\000t\000r\000u\000k\000t\000u\000r\000r\000e\000f\000e\000r\000e\000n\000z}{chapter.9}% 68
\BOOKMARK [2][-]{subsection.9.2.1}{\376\377\0009\000.\0002\000.\0001\000\040\000A\000u\000s\000f\000\374\000h\000r\000l\000i\000c\000h\000e\000\040\000B\000e\000s\000c\000h\000r\000e\000i\000b\000u\000n\000g}{section.9.2}% 69
\BOOKMARK [2][-]{subsection.9.2.2}{\376\377\0009\000.\0002\000.\0002\000\040\000D\000o\000k\000u\000m\000e\000n\000t\000a\000t\000i\000o\000n\000\040\000d\000e\000r\000\040\000F\000e\000l\000d\000e\000r}{section.9.2}% 70
\BOOKMARK [3][-]{subsubsection.9.2.2.1}{\376\377\0009\000.\0002\000.\0002\000.\0001\000\040\000b\000l\000i\000n\000k\000\137\000p\000h\000a\000s\000e\000\137\000o\000n}{subsection.9.2.2}% 71
\BOOKMARK [3][-]{subsubsection.9.2.2.2}{\376\377\0009\000.\0002\000.\0002\000.\0002\000\040\000b\000l\000i\000n\000k\000\137\000t\000i\000m\000e\000r\000\137\000m\000s}{subsection.9.2.2}% 72
\BOOKMARK [3][-]{subsubsection.9.2.2.3}{\376\377\0009\000.\0002\000.\0002\000.\0003\000\040\000s\000t\000a\000t\000e}{subsection.9.2.2}% 73
\BOOKMARK [0][-]{chapter.10}{\376\377\0001\0000\000\040\000D\000a\000t\000e\000i\000-\000D\000o\000k\000u\000m\000e\000n\000t\000a\000t\000i\000o\000n}{}% 74
\BOOKMARK [1][-]{section.10.1}{\376\377\0001\0000\000.\0001\000\040\000B\000C\000U\000a\000r\000t\000.\000c\000-\000D\000a\000t\000e\000i\000r\000e\000f\000e\000r\000e\000n\000z}{chapter.10}% 75
\BOOKMARK [2][-]{subsection.10.1.1}{\376\377\0001\0000\000.\0001\000.\0001\000\040\000D\000o\000k\000u\000m\000e\000n\000t\000a\000t\000i\000o\000n\000\040\000d\000e\000r\000\040\000F\000u\000n\000k\000t\000i\000o\000n\000e\000n}{section.10.1}% 76
\BOOKMARK [3][-]{subsubsection.10.1.1.1}{\376\377\0001\0000\000.\0001\000.\0001\000.\0001\000\040\000b\000c\000U\000a\000r\000t\000I\000n\000i\000t\000\050\000\051}{subsection.10.1.1}% 77
\BOOKMARK [3][-]{subsubsection.10.1.1.2}{\376\377\0001\0000\000.\0001\000.\0001\000.\0002\000\040\000b\000c\000U\000a\000r\000t\000I\000S\000R\000\050\000\051}{subsection.10.1.1}% 78
\BOOKMARK [3][-]{subsubsection.10.1.1.3}{\376\377\0001\0000\000.\0001\000.\0001\000.\0003\000\040\000b\000c\000U\000a\000r\000t\000R\000e\000c\000e\000i\000v\000e\000B\000y\000t\000e\000s\000I\000n\000B\000u\000f\000f\000e\000r\000\050\000\051}{subsection.10.1.1}% 79
\BOOKMARK [3][-]{subsubsection.10.1.1.4}{\376\377\0001\0000\000.\0001\000.\0001\000.\0004\000\040\000b\000c\000U\000a\000r\000t\000S\000e\000n\000d\000\050\000\051}{subsection.10.1.1}% 80
\BOOKMARK [2][-]{subsection.10.1.2}{\376\377\0001\0000\000.\0001\000.\0002\000\040\000V\000a\000r\000i\000a\000b\000l\000e\000n\000-\000D\000o\000k\000u\000m\000e\000n\000t\000a\000t\000i\000o\000n}{section.10.1}% 81
\BOOKMARK [3][-]{subsubsection.10.1.2.1}{\376\377\0001\0000\000.\0001\000.\0002\000.\0001\000\040\000b\000c\000U\000a\000r\000t\000R\000c\000v\000B\000u\000f}{subsection.10.1.2}% 82
\BOOKMARK [3][-]{subsubsection.10.1.2.2}{\376\377\0001\0000\000.\0001\000.\0002\000.\0002\000\040\000b\000c\000U\000a\000r\000t\000R\000c\000v\000B\000u\000f\000I\000n\000d\000e\000x}{subsection.10.1.2}% 83
\BOOKMARK [3][-]{subsubsection.10.1.2.3}{\376\377\0001\0000\000.\0001\000.\0002\000.\0003\000\040\000b\000c\000U\000a\000r\000t\000R\000x\000T\000h\000r\000e\000s\000h\000R\000e\000a\000c\000h\000e\000d}{subsection.10.1.2}% 84
\BOOKMARK [1][-]{section.10.2}{\376\377\0001\0000\000.\0002\000\040\000B\000C\000U\000a\000r\000t\000.\000c}{chapter.10}% 85
\BOOKMARK [1][-]{section.10.3}{\376\377\0001\0000\000.\0003\000\040\000B\000C\000U\000a\000r\000t\000.\000h\000-\000D\000a\000t\000e\000i\000r\000e\000f\000e\000r\000e\000n\000z}{chapter.10}% 86
\BOOKMARK [2][-]{subsection.10.3.1}{\376\377\0001\0000\000.\0003\000.\0001\000\040\000M\000a\000k\000r\000o\000-\000D\000o\000k\000u\000m\000e\000n\000t\000a\000t\000i\000o\000n}{section.10.3}% 87
\BOOKMARK [3][-]{subsubsection.10.3.1.1}{\376\377\0001\0000\000.\0003\000.\0001\000.\0001\000\040\000B\000C\000\137\000R\000X\000\137\000W\000A\000K\000E\000\137\000T\000H\000R\000E\000S\000H}{subsection.10.3.1}% 88
\BOOKMARK [3][-]{subsubsection.10.3.1.2}{\376\377\0001\0000\000.\0003\000.\0001\000.\0002\000\040\000B\000C\000\137\000R\000X\000B\000U\000F\000\137\000S\000I\000Z\000E}{subsection.10.3.1}% 89
\BOOKMARK [3][-]{subsubsection.10.3.1.3}{\376\377\0001\0000\000.\0003\000.\0001\000.\0003\000\040\000U\000C\000A\0001\000\137\000B\000R\0000}{subsection.10.3.1}% 90
\BOOKMARK [3][-]{subsubsection.10.3.1.4}{\376\377\0001\0000\000.\0003\000.\0001\000.\0004\000\040\000U\000C\000A\0001\000\137\000B\000R\0001}{subsection.10.3.1}% 91
\BOOKMARK [3][-]{subsubsection.10.3.1.5}{\376\377\0001\0000\000.\0003\000.\0001\000.\0005\000\040\000U\000C\000A\0001\000\137\000B\000R\000F}{subsection.10.3.1}% 92
\BOOKMARK [3][-]{subsubsection.10.3.1.6}{\376\377\0001\0000\000.\0003\000.\0001\000.\0006\000\040\000U\000C\000A\0001\000\137\000B\000R\000S}{subsection.10.3.1}% 93
\BOOKMARK [3][-]{subsubsection.10.3.1.7}{\376\377\0001\0000\000.\0003\000.\0001\000.\0007\000\040\000U\000C\000A\0001\000\137\000O\000S}{subsection.10.3.1}% 94
\BOOKMARK [2][-]{subsection.10.3.2}{\376\377\0001\0000\000.\0003\000.\0002\000\040\000D\000o\000k\000u\000m\000e\000n\000t\000a\000t\000i\000o\000n\000\040\000d\000e\000r\000\040\000F\000u\000n\000k\000t\000i\000o\000n\000e\000n}{section.10.3}% 95
\BOOKMARK [3][-]{subsubsection.10.3.2.1}{\376\377\0001\0000\000.\0003\000.\0002\000.\0001\000\040\000b\000c\000U\000a\000r\000t\000I\000n\000i\000t\000\050\000\051}{subsection.10.3.2}% 96
\BOOKMARK [3][-]{subsubsection.10.3.2.2}{\376\377\0001\0000\000.\0003\000.\0002\000.\0002\000\040\000b\000c\000U\000a\000r\000t\000R\000e\000c\000e\000i\000v\000e\000B\000y\000t\000e\000s\000I\000n\000B\000u\000f\000f\000e\000r\000\050\000\051}{subsection.10.3.2}% 97
\BOOKMARK [3][-]{subsubsection.10.3.2.3}{\376\377\0001\0000\000.\0003\000.\0002\000.\0003\000\040\000b\000c\000U\000a\000r\000t\000S\000e\000n\000d\000\050\000\051}{subsection.10.3.2}% 98
\BOOKMARK [1][-]{section.10.4}{\376\377\0001\0000\000.\0004\000\040\000B\000C\000U\000a\000r\000t\000.\000h}{chapter.10}% 99
\BOOKMARK [1][-]{section.10.5}{\376\377\0001\0000\000.\0005\000\040\000d\000r\000i\000v\000e\000r\000l\000i\000b\000/\000M\000S\000P\0004\0003\0000\000F\0005\000x\000x\000\137\0006\000x\000x\000/\000a\000d\000c\0001\0000\000\137\000a\000.\000c\000-\000D\000a\000t\000e\000i\000r\000e\000f\000e\000r\000e\000n\000z}{chapter.10}% 100
\BOOKMARK [1][-]{section.10.6}{\376\377\0001\0000\000.\0006\000\040\000a\000d\000c\0001\0000\000\137\000a\000.\000c}{chapter.10}% 101
\BOOKMARK [1][-]{section.10.7}{\376\377\0001\0000\000.\0007\000\040\000d\000r\000i\000v\000e\000r\000l\000i\000b\000/\000M\000S\000P\0004\0003\0000\000F\0005\000x\000x\000\137\0006\000x\000x\000/\000a\000d\000c\0001\0000\000\137\000a\000.\000h\000-\000D\000a\000t\000e\000i\000r\000e\000f\000e\000r\000e\000n\000z}{chapter.10}% 102
\BOOKMARK [1][-]{section.10.8}{\376\377\0001\0000\000.\0008\000\040\000a\000d\000c\0001\0000\000\137\000a\000.\000h}{chapter.10}% 103
\BOOKMARK [1][-]{section.10.9}{\376\377\0001\0000\000.\0009\000\040\000d\000r\000i\000v\000e\000r\000l\000i\000b\000/\000M\000S\000P\0004\0003\0000\000F\0005\000x\000x\000\137\0006\000x\000x\000/\000a\000d\000c\0001\0002\000\137\000a\000.\000c\000-\000D\000a\000t\000e\000i\000r\000e\000f\000e\000r\000e\000n\000z}{chapter.10}% 104
\BOOKMARK [1][-]{section.10.10}{\376\377\0001\0000\000.\0001\0000\000\040\000a\000d\000c\0001\0002\000\137\000a\000.\000c}{chapter.10}% 105
\BOOKMARK [1][-]{section.10.11}{\376\377\0001\0000\000.\0001\0001\000\040\000d\000r\000i\000v\000e\000r\000l\000i\000b\000/\000M\000S\000P\0004\0003\0000\000F\0005\000x\000x\000\137\0006\000x\000x\000/\000a\000d\000c\0001\0002\000\137\000a\000.\000h\000-\000D\000a\000t\000e\000i\000r\000e\000f\000e\000r\000e\000n\000z}{chapter.10}% 106
\BOOKMARK [1][-]{section.10.12}{\376\377\0001\0000\000.\0001\0002\000\040\000a\000d\000c\0001\0002\000\137\000a\000.\000h}{chapter.10}% 107
\BOOKMARK [1][-]{section.10.13}{\376\377\0001\0000\000.\0001\0003\000\040\000d\000r\000i\000v\000e\000r\000l\000i\000b\000/\000M\000S\000P\0004\0003\0000\000F\0005\000x\000x\000\137\0006\000x\000x\000/\000a\000e\000s\000.\000c\000-\000D\000a\000t\000e\000i\000r\000e\000f\000e\000r\000e\000n\000z}{chapter.10}% 108
\BOOKMARK [1][-]{section.10.14}{\376\377\0001\0000\000.\0001\0004\000\040\000a\000e\000s\000.\000c}{chapter.10}% 109
\BOOKMARK [1][-]{section.10.15}{\376\377\0001\0000\000.\0001\0005\000\040\000d\000r\000i\000v\000e\000r\000l\000i\000b\000/\000M\000S\000P\0004\0003\0000\000F\0005\000x\000x\000\137\0006\000x\000x\000/\000a\000e\000s\000.\000h\000-\000D\000a\000t\000e\000i\000r\000e\000f\000e\000r\000e\000n\000z}{chapter.10}% 110
\BOOKMARK [1][-]{section.10.16}{\376\377\0001\0000\000.\0001\0006\000\040\000a\000e\000s\000.\000h}{chapter.10}% 111
\BOOKMARK [1][-]{section.10.17}{\376\377\0001\0000\000.\0001\0007\000\040\000d\000r\000i\000v\000e\000r\000l\000i\000b\000/\000M\000S\000P\0004\0003\0000\000F\0005\000x\000x\000\137\0006\000x\000x\000/\000b\000a\000t\000t\000b\000a\000k\000.\000c\000-\000D\000a\000t\000e\000i\000r\000e\000f\000e\000r\000e\000n\000z}{chapter.10}% 112
\BOOKMARK [1][-]{section.10.18}{\376\377\0001\0000\000.\0001\0008\000\040\000b\000a\000t\000t\000b\000a\000k\000.\000c}{chapter.10}% 113
\BOOKMARK [1][-]{section.10.19}{\376\377\0001\0000\000.\0001\0009\000\040\000d\000r\000i\000v\000e\000r\000l\000i\000b\000/\000M\000S\000P\0004\0003\0000\000F\0005\000x\000x\000\137\0006\000x\000x\000/\000b\000a\000t\000t\000b\000a\000k\000.\000h\000-\000D\000a\000t\000e\000i\000r\000e\000f\000e\000r\000e\000n\000z}{chapter.10}% 114
\BOOKMARK [1][-]{section.10.20}{\376\377\0001\0000\000.\0002\0000\000\040\000b\000a\000t\000t\000b\000a\000k\000.\000h}{chapter.10}% 115
\BOOKMARK [1][-]{section.10.21}{\376\377\0001\0000\000.\0002\0001\000\040\000d\000r\000i\000v\000e\000r\000l\000i\000b\000/\000M\000S\000P\0004\0003\0000\000F\0005\000x\000x\000\137\0006\000x\000x\000/\000c\000o\000m\000p\000\137\000b\000.\000c\000-\000D\000a\000t\000e\000i\000r\000e\000f\000e\000r\000e\000n\000z}{chapter.10}% 116
\BOOKMARK [1][-]{section.10.22}{\376\377\0001\0000\000.\0002\0002\000\040\000c\000o\000m\000p\000\137\000b\000.\000c}{chapter.10}% 117
\BOOKMARK [1][-]{section.10.23}{\376\377\0001\0000\000.\0002\0003\000\040\000d\000r\000i\000v\000e\000r\000l\000i\000b\000/\000M\000S\000P\0004\0003\0000\000F\0005\000x\000x\000\137\0006\000x\000x\000/\000c\000o\000m\000p\000\137\000b\000.\000h\000-\000D\000a\000t\000e\000i\000r\000e\000f\000e\000r\000e\000n\000z}{chapter.10}% 118
\BOOKMARK [1][-]{section.10.24}{\376\377\0001\0000\000.\0002\0004\000\040\000c\000o\000m\000p\000\137\000b\000.\000h}{chapter.10}% 119
\BOOKMARK [1][-]{section.10.25}{\376\377\0001\0000\000.\0002\0005\000\040\000d\000r\000i\000v\000e\000r\000l\000i\000b\000/\000M\000S\000P\0004\0003\0000\000F\0005\000x\000x\000\137\0006\000x\000x\000/\000c\000r\000c\000.\000c\000-\000D\000a\000t\000e\000i\000r\000e\000f\000e\000r\000e\000n\000z}{chapter.10}% 120
\BOOKMARK [1][-]{section.10.26}{\376\377\0001\0000\000.\0002\0006\000\040\000c\000r\000c\000.\000c}{chapter.10}% 121
\BOOKMARK [1][-]{section.10.27}{\376\377\0001\0000\000.\0002\0007\000\040\000d\000r\000i\000v\000e\000r\000l\000i\000b\000/\000M\000S\000P\0004\0003\0000\000F\0005\000x\000x\000\137\0006\000x\000x\000/\000c\000r\000c\000.\000h\000-\000D\000a\000t\000e\000i\000r\000e\000f\000e\000r\000e\000n\000z}{chapter.10}% 122
\BOOKMARK [1][-]{section.10.28}{\376\377\0001\0000\000.\0002\0008\000\040\000c\000r\000c\000.\000h}{chapter.10}% 123
\BOOKMARK [1][-]{section.10.29}{\376\377\0001\0000\000.\0002\0009\000\040\000d\000r\000i\000v\000e\000r\000l\000i\000b\000/\000M\000S\000P\0004\0003\0000\000F\0005\000x\000x\000\137\0006\000x\000x\000/\000c\000t\000s\000d\0001\0006\000.\000c\000-\000D\000a\000t\000e\000i\000r\000e\000f\000e\000r\000e\000n\000z}{chapter.10}% 124
\BOOKMARK [1][-]{section.10.30}{\376\377\0001\0000\000.\0003\0000\000\040\000c\000t\000s\000d\0001\0006\000.\000c}{chapter.10}% 125
\BOOKMARK [1][-]{section.10.31}{\376\377\0001\0000\000.\0003\0001\000\040\000d\000r\000i\000v\000e\000r\000l\000i\000b\000/\000M\000S\000P\0004\0003\0000\000F\0005\000x\000x\000\137\0006\000x\000x\000/\000c\000t\000s\000d\0001\0006\000.\000h\000-\000D\000a\000t\000e\000i\000r\000e\000f\000e\000r\000e\000n\000z}{chapter.10}% 126
\BOOKMARK [1][-]{section.10.32}{\376\377\0001\0000\000.\0003\0002\000\040\000c\000t\000s\000d\0001\0006\000.\000h}{chapter.10}% 127
\BOOKMARK [1][-]{section.10.33}{\376\377\0001\0000\000.\0003\0003\000\040\000d\000r\000i\000v\000e\000r\000l\000i\000b\000/\000M\000S\000P\0004\0003\0000\000F\0005\000x\000x\000\137\0006\000x\000x\000/\000d\000a\000c\0001\0002\000\137\000a\000.\000c\000-\000D\000a\000t\000e\000i\000r\000e\000f\000e\000r\000e\000n\000z}{chapter.10}% 128
\BOOKMARK [1][-]{section.10.34}{\376\377\0001\0000\000.\0003\0004\000\040\000d\000a\000c\0001\0002\000\137\000a\000.\000c}{chapter.10}% 129
\BOOKMARK [1][-]{section.10.35}{\376\377\0001\0000\000.\0003\0005\000\040\000d\000r\000i\000v\000e\000r\000l\000i\000b\000/\000M\000S\000P\0004\0003\0000\000F\0005\000x\000x\000\137\0006\000x\000x\000/\000d\000a\000c\0001\0002\000\137\000a\000.\000h\000-\000D\000a\000t\000e\000i\000r\000e\000f\000e\000r\000e\000n\000z}{chapter.10}% 130
\BOOKMARK [1][-]{section.10.36}{\376\377\0001\0000\000.\0003\0006\000\040\000d\000a\000c\0001\0002\000\137\000a\000.\000h}{chapter.10}% 131
\BOOKMARK [1][-]{section.10.37}{\376\377\0001\0000\000.\0003\0007\000\040\000d\000r\000i\000v\000e\000r\000l\000i\000b\000/\000M\000S\000P\0004\0003\0000\000F\0005\000x\000x\000\137\0006\000x\000x\000/\000d\000m\000a\000.\000c\000-\000D\000a\000t\000e\000i\000r\000e\000f\000e\000r\000e\000n\000z}{chapter.10}% 132
\BOOKMARK [1][-]{section.10.38}{\376\377\0001\0000\000.\0003\0008\000\040\000d\000m\000a\000.\000c}{chapter.10}% 133
\BOOKMARK [1][-]{section.10.39}{\376\377\0001\0000\000.\0003\0009\000\040\000d\000r\000i\000v\000e\000r\000l\000i\000b\000/\000M\000S\000P\0004\0003\0000\000F\0005\000x\000x\000\137\0006\000x\000x\000/\000d\000m\000a\000.\000h\000-\000D\000a\000t\000e\000i\000r\000e\000f\000e\000r\000e\000n\000z}{chapter.10}% 134
\BOOKMARK [1][-]{section.10.40}{\376\377\0001\0000\000.\0004\0000\000\040\000d\000m\000a\000.\000h}{chapter.10}% 135
\BOOKMARK [1][-]{section.10.41}{\376\377\0001\0000\000.\0004\0001\000\040\000d\000r\000i\000v\000e\000r\000l\000i\000b\000/\000M\000S\000P\0004\0003\0000\000F\0005\000x\000x\000\137\0006\000x\000x\000/\000d\000r\000i\000v\000e\000r\000l\000i\000b\000.\000h\000-\000D\000a\000t\000e\000i\000r\000e\000f\000e\000r\000e\000n\000z}{chapter.10}% 136
\BOOKMARK [1][-]{section.10.42}{\376\377\0001\0000\000.\0004\0002\000\040\000d\000r\000i\000v\000e\000r\000l\000i\000b\000.\000h}{chapter.10}% 137
\BOOKMARK [1][-]{section.10.43}{\376\377\0001\0000\000.\0004\0003\000\040\000d\000r\000i\000v\000e\000r\000l\000i\000b\000/\000M\000S\000P\0004\0003\0000\000F\0005\000x\000x\000\137\0006\000x\000x\000/\000e\000u\000s\000c\000i\000\137\000a\000\137\000s\000p\000i\000.\000c\000-\000D\000a\000t\000e\000i\000r\000e\000f\000e\000r\000e\000n\000z}{chapter.10}% 138
\BOOKMARK [1][-]{section.10.44}{\376\377\0001\0000\000.\0004\0004\000\040\000e\000u\000s\000c\000i\000\137\000a\000\137\000s\000p\000i\000.\000c}{chapter.10}% 139
\BOOKMARK [1][-]{section.10.45}{\376\377\0001\0000\000.\0004\0005\000\040\000d\000r\000i\000v\000e\000r\000l\000i\000b\000/\000M\000S\000P\0004\0003\0000\000F\0005\000x\000x\000\137\0006\000x\000x\000/\000e\000u\000s\000c\000i\000\137\000a\000\137\000s\000p\000i\000.\000h\000-\000D\000a\000t\000e\000i\000r\000e\000f\000e\000r\000e\000n\000z}{chapter.10}% 140
\BOOKMARK [1][-]{section.10.46}{\376\377\0001\0000\000.\0004\0006\000\040\000e\000u\000s\000c\000i\000\137\000a\000\137\000s\000p\000i\000.\000h}{chapter.10}% 141
\BOOKMARK [1][-]{section.10.47}{\376\377\0001\0000\000.\0004\0007\000\040\000d\000r\000i\000v\000e\000r\000l\000i\000b\000/\000M\000S\000P\0004\0003\0000\000F\0005\000x\000x\000\137\0006\000x\000x\000/\000e\000u\000s\000c\000i\000\137\000a\000\137\000u\000a\000r\000t\000.\000c\000-\000D\000a\000t\000e\000i\000r\000e\000f\000e\000r\000e\000n\000z}{chapter.10}% 142
\BOOKMARK [1][-]{section.10.48}{\376\377\0001\0000\000.\0004\0008\000\040\000e\000u\000s\000c\000i\000\137\000a\000\137\000u\000a\000r\000t\000.\000c}{chapter.10}% 143
\BOOKMARK [1][-]{section.10.49}{\376\377\0001\0000\000.\0004\0009\000\040\000d\000r\000i\000v\000e\000r\000l\000i\000b\000/\000M\000S\000P\0004\0003\0000\000F\0005\000x\000x\000\137\0006\000x\000x\000/\000e\000u\000s\000c\000i\000\137\000a\000\137\000u\000a\000r\000t\000.\000h\000-\000D\000a\000t\000e\000i\000r\000e\000f\000e\000r\000e\000n\000z}{chapter.10}% 144
\BOOKMARK [1][-]{section.10.50}{\376\377\0001\0000\000.\0005\0000\000\040\000e\000u\000s\000c\000i\000\137\000a\000\137\000u\000a\000r\000t\000.\000h}{chapter.10}% 145
\BOOKMARK [1][-]{section.10.51}{\376\377\0001\0000\000.\0005\0001\000\040\000d\000r\000i\000v\000e\000r\000l\000i\000b\000/\000M\000S\000P\0004\0003\0000\000F\0005\000x\000x\000\137\0006\000x\000x\000/\000e\000u\000s\000c\000i\000\137\000b\000\137\000i\0002\000c\000.\000c\000-\000D\000a\000t\000e\000i\000r\000e\000f\000e\000r\000e\000n\000z}{chapter.10}% 146
\BOOKMARK [1][-]{section.10.52}{\376\377\0001\0000\000.\0005\0002\000\040\000e\000u\000s\000c\000i\000\137\000b\000\137\000i\0002\000c\000.\000c}{chapter.10}% 147
\BOOKMARK [1][-]{section.10.53}{\376\377\0001\0000\000.\0005\0003\000\040\000d\000r\000i\000v\000e\000r\000l\000i\000b\000/\000M\000S\000P\0004\0003\0000\000F\0005\000x\000x\000\137\0006\000x\000x\000/\000e\000u\000s\000c\000i\000\137\000b\000\137\000i\0002\000c\000.\000h\000-\000D\000a\000t\000e\000i\000r\000e\000f\000e\000r\000e\000n\000z}{chapter.10}% 148
\BOOKMARK [1][-]{section.10.54}{\376\377\0001\0000\000.\0005\0004\000\040\000e\000u\000s\000c\000i\000\137\000b\000\137\000i\0002\000c\000.\000h}{chapter.10}% 149
\BOOKMARK [1][-]{section.10.55}{\376\377\0001\0000\000.\0005\0005\000\040\000d\000r\000i\000v\000e\000r\000l\000i\000b\000/\000M\000S\000P\0004\0003\0000\000F\0005\000x\000x\000\137\0006\000x\000x\000/\000e\000u\000s\000c\000i\000\137\000b\000\137\000s\000p\000i\000.\000c\000-\000D\000a\000t\000e\000i\000r\000e\000f\000e\000r\000e\000n\000z}{chapter.10}% 150
\BOOKMARK [1][-]{section.10.56}{\376\377\0001\0000\000.\0005\0006\000\040\000e\000u\000s\000c\000i\000\137\000b\000\137\000s\000p\000i\000.\000c}{chapter.10}% 151
\BOOKMARK [1][-]{section.10.57}{\376\377\0001\0000\000.\0005\0007\000\040\000d\000r\000i\000v\000e\000r\000l\000i\000b\000/\000M\000S\000P\0004\0003\0000\000F\0005\000x\000x\000\137\0006\000x\000x\000/\000e\000u\000s\000c\000i\000\137\000b\000\137\000s\000p\000i\000.\000h\000-\000D\000a\000t\000e\000i\000r\000e\000f\000e\000r\000e\000n\000z}{chapter.10}% 152
\BOOKMARK [1][-]{section.10.58}{\376\377\0001\0000\000.\0005\0008\000\040\000e\000u\000s\000c\000i\000\137\000b\000\137\000s\000p\000i\000.\000h}{chapter.10}% 153
\BOOKMARK [1][-]{section.10.59}{\376\377\0001\0000\000.\0005\0009\000\040\000d\000r\000i\000v\000e\000r\000l\000i\000b\000/\000M\000S\000P\0004\0003\0000\000F\0005\000x\000x\000\137\0006\000x\000x\000/\000f\000l\000a\000s\000h\000c\000t\000l\000.\000c\000-\000D\000a\000t\000e\000i\000r\000e\000f\000e\000r\000e\000n\000z}{chapter.10}% 154
\BOOKMARK [1][-]{section.10.60}{\376\377\0001\0000\000.\0006\0000\000\040\000f\000l\000a\000s\000h\000c\000t\000l\000.\000c}{chapter.10}% 155
\BOOKMARK [1][-]{section.10.61}{\376\377\0001\0000\000.\0006\0001\000\040\000d\000r\000i\000v\000e\000r\000l\000i\000b\000/\000M\000S\000P\0004\0003\0000\000F\0005\000x\000x\000\137\0006\000x\000x\000/\000f\000l\000a\000s\000h\000c\000t\000l\000.\000h\000-\000D\000a\000t\000e\000i\000r\000e\000f\000e\000r\000e\000n\000z}{chapter.10}% 156
\BOOKMARK [1][-]{section.10.62}{\376\377\0001\0000\000.\0006\0002\000\040\000f\000l\000a\000s\000h\000c\000t\000l\000.\000h}{chapter.10}% 157
\BOOKMARK [1][-]{section.10.63}{\376\377\0001\0000\000.\0006\0003\000\040\000d\000r\000i\000v\000e\000r\000l\000i\000b\000/\000M\000S\000P\0004\0003\0000\000F\0005\000x\000x\000\137\0006\000x\000x\000/\000g\000p\000i\000o\000.\000c\000-\000D\000a\000t\000e\000i\000r\000e\000f\000e\000r\000e\000n\000z}{chapter.10}% 158
\BOOKMARK [1][-]{section.10.64}{\376\377\0001\0000\000.\0006\0004\000\040\000g\000p\000i\000o\000.\000c}{chapter.10}% 159
\BOOKMARK [1][-]{section.10.65}{\376\377\0001\0000\000.\0006\0005\000\040\000d\000r\000i\000v\000e\000r\000l\000i\000b\000/\000M\000S\000P\0004\0003\0000\000F\0005\000x\000x\000\137\0006\000x\000x\000/\000g\000p\000i\000o\000.\000h\000-\000D\000a\000t\000e\000i\000r\000e\000f\000e\000r\000e\000n\000z}{chapter.10}% 160
\BOOKMARK [1][-]{section.10.66}{\376\377\0001\0000\000.\0006\0006\000\040\000g\000p\000i\000o\000.\000h}{chapter.10}% 161
\BOOKMARK [1][-]{section.10.67}{\376\377\0001\0000\000.\0006\0007\000\040\000d\000r\000i\000v\000e\000r\000l\000i\000b\000/\000M\000S\000P\0004\0003\0000\000F\0005\000x\000x\000\137\0006\000x\000x\000/\000i\000n\000c\000/\000h\000w\000\137\000m\000e\000m\000m\000a\000p\000.\000h\000-\000D\000a\000t\000e\000i\000r\000e\000f\000e\000r\000e\000n\000z}{chapter.10}% 162
\BOOKMARK [2][-]{subsection.10.67.1}{\376\377\0001\0000\000.\0006\0007\000.\0001\000\040\000M\000a\000k\000r\000o\000-\000D\000o\000k\000u\000m\000e\000n\000t\000a\000t\000i\000o\000n}{section.10.67}% 163
\BOOKMARK [3][-]{subsubsection.10.67.1.1}{\376\377\0001\0000\000.\0006\0007\000.\0001\000.\0001\000\040\000\137\000\137\000D\000R\000I\000V\000E\000R\000L\000I\000B\000\137\000M\000S\000P\0004\0003\0000\000F\0005\000X\000X\000\137\0006\000X\000X\000\137\000F\000A\000M\000I\000L\000Y\000\137\000\137}{subsection.10.67.1}% 164
\BOOKMARK [3][-]{subsubsection.10.67.1.2}{\376\377\0001\0000\000.\0006\0007\000.\0001\000.\0002\000\040\000H\000W\000R\000E\000G\0001\0006}{subsection.10.67.1}% 165
\BOOKMARK [3][-]{subsubsection.10.67.1.3}{\376\377\0001\0000\000.\0006\0007\000.\0001\000.\0003\000\040\000H\000W\000R\000E\000G\0003\0002}{subsection.10.67.1}% 166
\BOOKMARK [3][-]{subsubsection.10.67.1.4}{\376\377\0001\0000\000.\0006\0007\000.\0001\000.\0004\000\040\000H\000W\000R\000E\000G\0008}{subsection.10.67.1}% 167
\BOOKMARK [3][-]{subsubsection.10.67.1.5}{\376\377\0001\0000\000.\0006\0007\000.\0001\000.\0005\000\040\000N\000D\000E\000B\000U\000G}{subsection.10.67.1}% 168
\BOOKMARK [3][-]{subsubsection.10.67.1.6}{\376\377\0001\0000\000.\0006\0007\000.\0001\000.\0006\000\040\000S\000T\000A\000T\000U\000S\000\137\000F\000A\000I\000L}{subsection.10.67.1}% 169
\BOOKMARK [3][-]{subsubsection.10.67.1.7}{\376\377\0001\0000\000.\0006\0007\000.\0001\000.\0007\000\040\000S\000T\000A\000T\000U\000S\000\137\000S\000U\000C\000C\000E\000S\000S}{subsection.10.67.1}% 170
\BOOKMARK [1][-]{section.10.68}{\376\377\0001\0000\000.\0006\0008\000\040\000h\000w\000\137\000m\000e\000m\000m\000a\000p\000.\000h}{chapter.10}% 171
\BOOKMARK [1][-]{section.10.69}{\376\377\0001\0000\000.\0006\0009\000\040\000d\000r\000i\000v\000e\000r\000l\000i\000b\000/\000M\000S\000P\0004\0003\0000\000F\0005\000x\000x\000\137\0006\000x\000x\000/\000i\000n\000c\000/\000v\000e\000r\000s\000i\000o\000n\000.\000h\000-\000D\000a\000t\000e\000i\000r\000e\000f\000e\000r\000e\000n\000z}{chapter.10}% 172
\BOOKMARK [2][-]{subsection.10.69.1}{\376\377\0001\0000\000.\0006\0009\000.\0001\000\040\000M\000a\000k\000r\000o\000-\000D\000o\000k\000u\000m\000e\000n\000t\000a\000t\000i\000o\000n}{section.10.69}% 173
\BOOKMARK [3][-]{subsubsection.10.69.1.1}{\376\377\0001\0000\000.\0006\0009\000.\0001\000.\0001\000\040\000D\000R\000I\000V\000E\000R\000L\000I\000B\000\137\000V\000E\000R\000\137\000B\000U\000I\000L\000D}{subsection.10.69.1}% 174
\BOOKMARK [3][-]{subsubsection.10.69.1.2}{\376\377\0001\0000\000.\0006\0009\000.\0001\000.\0002\000\040\000D\000R\000I\000V\000E\000R\000L\000I\000B\000\137\000V\000E\000R\000\137\000M\000A\000J\000O\000R}{subsection.10.69.1}% 175
\BOOKMARK [3][-]{subsubsection.10.69.1.3}{\376\377\0001\0000\000.\0006\0009\000.\0001\000.\0003\000\040\000D\000R\000I\000V\000E\000R\000L\000I\000B\000\137\000V\000E\000R\000\137\000M\000I\000N\000O\000R}{subsection.10.69.1}% 176
\BOOKMARK [3][-]{subsubsection.10.69.1.4}{\376\377\0001\0000\000.\0006\0009\000.\0001\000.\0004\000\040\000D\000R\000I\000V\000E\000R\000L\000I\000B\000\137\000V\000E\000R\000\137\000P\000A\000T\000C\000H}{subsection.10.69.1}% 177
\BOOKMARK [3][-]{subsubsection.10.69.1.5}{\376\377\0001\0000\000.\0006\0009\000.\0001\000.\0005\000\040\000g\000e\000t\000V\000e\000r\000s\000i\000o\000n}{subsection.10.69.1}% 178
\BOOKMARK [1][-]{section.10.70}{\376\377\0001\0000\000.\0007\0000\000\040\000v\000e\000r\000s\000i\000o\000n\000.\000h}{chapter.10}% 179
\BOOKMARK [1][-]{section.10.71}{\376\377\0001\0000\000.\0007\0001\000\040\000d\000r\000i\000v\000e\000r\000l\000i\000b\000/\000M\000S\000P\0004\0003\0000\000F\0005\000x\000x\000\137\0006\000x\000x\000/\000l\000c\000d\000\137\000b\000.\000c\000-\000D\000a\000t\000e\000i\000r\000e\000f\000e\000r\000e\000n\000z}{chapter.10}% 180
\BOOKMARK [1][-]{section.10.72}{\376\377\0001\0000\000.\0007\0002\000\040\000l\000c\000d\000\137\000b\000.\000c}{chapter.10}% 181
\BOOKMARK [1][-]{section.10.73}{\376\377\0001\0000\000.\0007\0003\000\040\000d\000r\000i\000v\000e\000r\000l\000i\000b\000/\000M\000S\000P\0004\0003\0000\000F\0005\000x\000x\000\137\0006\000x\000x\000/\000l\000c\000d\000\137\000b\000.\000h\000-\000D\000a\000t\000e\000i\000r\000e\000f\000e\000r\000e\000n\000z}{chapter.10}% 182
\BOOKMARK [1][-]{section.10.74}{\376\377\0001\0000\000.\0007\0004\000\040\000l\000c\000d\000\137\000b\000.\000h}{chapter.10}% 183
\BOOKMARK [1][-]{section.10.75}{\376\377\0001\0000\000.\0007\0005\000\040\000d\000r\000i\000v\000e\000r\000l\000i\000b\000/\000M\000S\000P\0004\0003\0000\000F\0005\000x\000x\000\137\0006\000x\000x\000/\000l\000c\000d\000\137\000c\000.\000c\000-\000D\000a\000t\000e\000i\000r\000e\000f\000e\000r\000e\000n\000z}{chapter.10}% 184
\BOOKMARK [1][-]{section.10.76}{\376\377\0001\0000\000.\0007\0006\000\040\000l\000c\000d\000\137\000c\000.\000c}{chapter.10}% 185
\BOOKMARK [1][-]{section.10.77}{\376\377\0001\0000\000.\0007\0007\000\040\000d\000r\000i\000v\000e\000r\000l\000i\000b\000/\000M\000S\000P\0004\0003\0000\000F\0005\000x\000x\000\137\0006\000x\000x\000/\000l\000c\000d\000\137\000c\000.\000h\000-\000D\000a\000t\000e\000i\000r\000e\000f\000e\000r\000e\000n\000z}{chapter.10}% 186
\BOOKMARK [1][-]{section.10.78}{\376\377\0001\0000\000.\0007\0008\000\040\000l\000c\000d\000\137\000c\000.\000h}{chapter.10}% 187
\BOOKMARK [1][-]{section.10.79}{\376\377\0001\0000\000.\0007\0009\000\040\000d\000r\000i\000v\000e\000r\000l\000i\000b\000/\000M\000S\000P\0004\0003\0000\000F\0005\000x\000x\000\137\0006\000x\000x\000/\000l\000d\000o\000p\000w\000r\000.\000c\000-\000D\000a\000t\000e\000i\000r\000e\000f\000e\000r\000e\000n\000z}{chapter.10}% 188
\BOOKMARK [1][-]{section.10.80}{\376\377\0001\0000\000.\0008\0000\000\040\000l\000d\000o\000p\000w\000r\000.\000c}{chapter.10}% 189
\BOOKMARK [1][-]{section.10.81}{\376\377\0001\0000\000.\0008\0001\000\040\000d\000r\000i\000v\000e\000r\000l\000i\000b\000/\000M\000S\000P\0004\0003\0000\000F\0005\000x\000x\000\137\0006\000x\000x\000/\000l\000d\000o\000p\000w\000r\000.\000h\000-\000D\000a\000t\000e\000i\000r\000e\000f\000e\000r\000e\000n\000z}{chapter.10}% 190
\BOOKMARK [1][-]{section.10.82}{\376\377\0001\0000\000.\0008\0002\000\040\000l\000d\000o\000p\000w\000r\000.\000h}{chapter.10}% 191
\BOOKMARK [1][-]{section.10.83}{\376\377\0001\0000\000.\0008\0003\000\040\000d\000r\000i\000v\000e\000r\000l\000i\000b\000/\000M\000S\000P\0004\0003\0000\000F\0005\000x\000x\000\137\0006\000x\000x\000/\000m\000p\000y\0003\0002\000.\000c\000-\000D\000a\000t\000e\000i\000r\000e\000f\000e\000r\000e\000n\000z}{chapter.10}% 192
\BOOKMARK [1][-]{section.10.84}{\376\377\0001\0000\000.\0008\0004\000\040\000m\000p\000y\0003\0002\000.\000c}{chapter.10}% 193
\BOOKMARK [1][-]{section.10.85}{\376\377\0001\0000\000.\0008\0005\000\040\000d\000r\000i\000v\000e\000r\000l\000i\000b\000/\000M\000S\000P\0004\0003\0000\000F\0005\000x\000x\000\137\0006\000x\000x\000/\000m\000p\000y\0003\0002\000.\000h\000-\000D\000a\000t\000e\000i\000r\000e\000f\000e\000r\000e\000n\000z}{chapter.10}% 194
\BOOKMARK [1][-]{section.10.86}{\376\377\0001\0000\000.\0008\0006\000\040\000m\000p\000y\0003\0002\000.\000h}{chapter.10}% 195
\BOOKMARK [1][-]{section.10.87}{\376\377\0001\0000\000.\0008\0007\000\040\000d\000r\000i\000v\000e\000r\000l\000i\000b\000/\000M\000S\000P\0004\0003\0000\000F\0005\000x\000x\000\137\0006\000x\000x\000/\000o\000a\000.\000c\000-\000D\000a\000t\000e\000i\000r\000e\000f\000e\000r\000e\000n\000z}{chapter.10}% 196
\BOOKMARK [1][-]{section.10.88}{\376\377\0001\0000\000.\0008\0008\000\040\000o\000a\000.\000c}{chapter.10}% 197
\BOOKMARK [1][-]{section.10.89}{\376\377\0001\0000\000.\0008\0009\000\040\000d\000r\000i\000v\000e\000r\000l\000i\000b\000/\000M\000S\000P\0004\0003\0000\000F\0005\000x\000x\000\137\0006\000x\000x\000/\000o\000a\000.\000h\000-\000D\000a\000t\000e\000i\000r\000e\000f\000e\000r\000e\000n\000z}{chapter.10}% 198
\BOOKMARK [1][-]{section.10.90}{\376\377\0001\0000\000.\0009\0000\000\040\000o\000a\000.\000h}{chapter.10}% 199
\BOOKMARK [1][-]{section.10.91}{\376\377\0001\0000\000.\0009\0001\000\040\000d\000r\000i\000v\000e\000r\000l\000i\000b\000/\000M\000S\000P\0004\0003\0000\000F\0005\000x\000x\000\137\0006\000x\000x\000/\000p\000m\000a\000p\000.\000c\000-\000D\000a\000t\000e\000i\000r\000e\000f\000e\000r\000e\000n\000z}{chapter.10}% 200
\BOOKMARK [1][-]{section.10.92}{\376\377\0001\0000\000.\0009\0002\000\040\000p\000m\000a\000p\000.\000c}{chapter.10}% 201
\BOOKMARK [1][-]{section.10.93}{\376\377\0001\0000\000.\0009\0003\000\040\000d\000r\000i\000v\000e\000r\000l\000i\000b\000/\000M\000S\000P\0004\0003\0000\000F\0005\000x\000x\000\137\0006\000x\000x\000/\000p\000m\000a\000p\000.\000h\000-\000D\000a\000t\000e\000i\000r\000e\000f\000e\000r\000e\000n\000z}{chapter.10}% 202
\BOOKMARK [1][-]{section.10.94}{\376\377\0001\0000\000.\0009\0004\000\040\000p\000m\000a\000p\000.\000h}{chapter.10}% 203
\BOOKMARK [1][-]{section.10.95}{\376\377\0001\0000\000.\0009\0005\000\040\000d\000r\000i\000v\000e\000r\000l\000i\000b\000/\000M\000S\000P\0004\0003\0000\000F\0005\000x\000x\000\137\0006\000x\000x\000/\000p\000m\000m\000.\000c\000-\000D\000a\000t\000e\000i\000r\000e\000f\000e\000r\000e\000n\000z}{chapter.10}% 204
\BOOKMARK [1][-]{section.10.96}{\376\377\0001\0000\000.\0009\0006\000\040\000p\000m\000m\000.\000c}{chapter.10}% 205
\BOOKMARK [1][-]{section.10.97}{\376\377\0001\0000\000.\0009\0007\000\040\000d\000r\000i\000v\000e\000r\000l\000i\000b\000/\000M\000S\000P\0004\0003\0000\000F\0005\000x\000x\000\137\0006\000x\000x\000/\000p\000m\000m\000.\000h\000-\000D\000a\000t\000e\000i\000r\000e\000f\000e\000r\000e\000n\000z}{chapter.10}% 206
\BOOKMARK [1][-]{section.10.98}{\376\377\0001\0000\000.\0009\0008\000\040\000p\000m\000m\000.\000h}{chapter.10}% 207
\BOOKMARK [1][-]{section.10.99}{\376\377\0001\0000\000.\0009\0009\000\040\000d\000r\000i\000v\000e\000r\000l\000i\000b\000/\000M\000S\000P\0004\0003\0000\000F\0005\000x\000x\000\137\0006\000x\000x\000/\000r\000a\000m\000.\000c\000-\000D\000a\000t\000e\000i\000r\000e\000f\000e\000r\000e\000n\000z}{chapter.10}% 208
\BOOKMARK [1][-]{section.10.100}{\376\377\0001\0000\000.\0001\0000\0000\000\040\000r\000a\000m\000.\000c}{chapter.10}% 209
\BOOKMARK [1][-]{section.10.101}{\376\377\0001\0000\000.\0001\0000\0001\000\040\000d\000r\000i\000v\000e\000r\000l\000i\000b\000/\000M\000S\000P\0004\0003\0000\000F\0005\000x\000x\000\137\0006\000x\000x\000/\000r\000a\000m\000.\000h\000-\000D\000a\000t\000e\000i\000r\000e\000f\000e\000r\000e\000n\000z}{chapter.10}% 210
\BOOKMARK [1][-]{section.10.102}{\376\377\0001\0000\000.\0001\0000\0002\000\040\000r\000a\000m\000.\000h}{chapter.10}% 211
\BOOKMARK [1][-]{section.10.103}{\376\377\0001\0000\000.\0001\0000\0003\000\040\000d\000r\000i\000v\000e\000r\000l\000i\000b\000/\000M\000S\000P\0004\0003\0000\000F\0005\000x\000x\000\137\0006\000x\000x\000/\000r\000e\000f\000.\000c\000-\000D\000a\000t\000e\000i\000r\000e\000f\000e\000r\000e\000n\000z}{chapter.10}% 212
\BOOKMARK [1][-]{section.10.104}{\376\377\0001\0000\000.\0001\0000\0004\000\040\000r\000e\000f\000.\000c}{chapter.10}% 213
\BOOKMARK [1][-]{section.10.105}{\376\377\0001\0000\000.\0001\0000\0005\000\040\000d\000r\000i\000v\000e\000r\000l\000i\000b\000/\000M\000S\000P\0004\0003\0000\000F\0005\000x\000x\000\137\0006\000x\000x\000/\000r\000e\000f\000.\000h\000-\000D\000a\000t\000e\000i\000r\000e\000f\000e\000r\000e\000n\000z}{chapter.10}% 214
\BOOKMARK [1][-]{section.10.106}{\376\377\0001\0000\000.\0001\0000\0006\000\040\000r\000e\000f\000.\000h}{chapter.10}% 215
\BOOKMARK [1][-]{section.10.107}{\376\377\0001\0000\000.\0001\0000\0007\000\040\000d\000r\000i\000v\000e\000r\000l\000i\000b\000/\000M\000S\000P\0004\0003\0000\000F\0005\000x\000x\000\137\0006\000x\000x\000/\000r\000t\000c\000\137\000a\000.\000c\000-\000D\000a\000t\000e\000i\000r\000e\000f\000e\000r\000e\000n\000z}{chapter.10}% 216
\BOOKMARK [1][-]{section.10.108}{\376\377\0001\0000\000.\0001\0000\0008\000\040\000r\000t\000c\000\137\000a\000.\000c}{chapter.10}% 217
\BOOKMARK [1][-]{section.10.109}{\376\377\0001\0000\000.\0001\0000\0009\000\040\000d\000r\000i\000v\000e\000r\000l\000i\000b\000/\000M\000S\000P\0004\0003\0000\000F\0005\000x\000x\000\137\0006\000x\000x\000/\000r\000t\000c\000\137\000a\000.\000h\000-\000D\000a\000t\000e\000i\000r\000e\000f\000e\000r\000e\000n\000z}{chapter.10}% 218
\BOOKMARK [1][-]{section.10.110}{\376\377\0001\0000\000.\0001\0001\0000\000\040\000r\000t\000c\000\137\000a\000.\000h}{chapter.10}% 219
\BOOKMARK [1][-]{section.10.111}{\376\377\0001\0000\000.\0001\0001\0001\000\040\000d\000r\000i\000v\000e\000r\000l\000i\000b\000/\000M\000S\000P\0004\0003\0000\000F\0005\000x\000x\000\137\0006\000x\000x\000/\000r\000t\000c\000\137\000b\000.\000c\000-\000D\000a\000t\000e\000i\000r\000e\000f\000e\000r\000e\000n\000z}{chapter.10}% 220
\BOOKMARK [1][-]{section.10.112}{\376\377\0001\0000\000.\0001\0001\0002\000\040\000r\000t\000c\000\137\000b\000.\000c}{chapter.10}% 221
\BOOKMARK [1][-]{section.10.113}{\376\377\0001\0000\000.\0001\0001\0003\000\040\000d\000r\000i\000v\000e\000r\000l\000i\000b\000/\000M\000S\000P\0004\0003\0000\000F\0005\000x\000x\000\137\0006\000x\000x\000/\000r\000t\000c\000\137\000b\000.\000h\000-\000D\000a\000t\000e\000i\000r\000e\000f\000e\000r\000e\000n\000z}{chapter.10}% 222
\BOOKMARK [1][-]{section.10.114}{\376\377\0001\0000\000.\0001\0001\0004\000\040\000r\000t\000c\000\137\000b\000.\000h}{chapter.10}% 223
\BOOKMARK [1][-]{section.10.115}{\376\377\0001\0000\000.\0001\0001\0005\000\040\000d\000r\000i\000v\000e\000r\000l\000i\000b\000/\000M\000S\000P\0004\0003\0000\000F\0005\000x\000x\000\137\0006\000x\000x\000/\000r\000t\000c\000\137\000c\000.\000c\000-\000D\000a\000t\000e\000i\000r\000e\000f\000e\000r\000e\000n\000z}{chapter.10}% 224
\BOOKMARK [1][-]{section.10.116}{\376\377\0001\0000\000.\0001\0001\0006\000\040\000r\000t\000c\000\137\000c\000.\000c}{chapter.10}% 225
\BOOKMARK [1][-]{section.10.117}{\376\377\0001\0000\000.\0001\0001\0007\000\040\000d\000r\000i\000v\000e\000r\000l\000i\000b\000/\000M\000S\000P\0004\0003\0000\000F\0005\000x\000x\000\137\0006\000x\000x\000/\000r\000t\000c\000\137\000c\000.\000h\000-\000D\000a\000t\000e\000i\000r\000e\000f\000e\000r\000e\000n\000z}{chapter.10}% 226
\BOOKMARK [1][-]{section.10.118}{\376\377\0001\0000\000.\0001\0001\0008\000\040\000r\000t\000c\000\137\000c\000.\000h}{chapter.10}% 227
\BOOKMARK [1][-]{section.10.119}{\376\377\0001\0000\000.\0001\0001\0009\000\040\000d\000r\000i\000v\000e\000r\000l\000i\000b\000/\000M\000S\000P\0004\0003\0000\000F\0005\000x\000x\000\137\0006\000x\000x\000/\000s\000d\0002\0004\000\137\000b\000.\000c\000-\000D\000a\000t\000e\000i\000r\000e\000f\000e\000r\000e\000n\000z}{chapter.10}% 228
\BOOKMARK [1][-]{section.10.120}{\376\377\0001\0000\000.\0001\0002\0000\000\040\000s\000d\0002\0004\000\137\000b\000.\000c}{chapter.10}% 229
\BOOKMARK [1][-]{section.10.121}{\376\377\0001\0000\000.\0001\0002\0001\000\040\000d\000r\000i\000v\000e\000r\000l\000i\000b\000/\000M\000S\000P\0004\0003\0000\000F\0005\000x\000x\000\137\0006\000x\000x\000/\000s\000d\0002\0004\000\137\000b\000.\000h\000-\000D\000a\000t\000e\000i\000r\000e\000f\000e\000r\000e\000n\000z}{chapter.10}% 230
\BOOKMARK [1][-]{section.10.122}{\376\377\0001\0000\000.\0001\0002\0002\000\040\000s\000d\0002\0004\000\137\000b\000.\000h}{chapter.10}% 231
\BOOKMARK [1][-]{section.10.123}{\376\377\0001\0000\000.\0001\0002\0003\000\040\000d\000r\000i\000v\000e\000r\000l\000i\000b\000/\000M\000S\000P\0004\0003\0000\000F\0005\000x\000x\000\137\0006\000x\000x\000/\000s\000f\000r\000.\000c\000-\000D\000a\000t\000e\000i\000r\000e\000f\000e\000r\000e\000n\000z}{chapter.10}% 232
\BOOKMARK [1][-]{section.10.124}{\376\377\0001\0000\000.\0001\0002\0004\000\040\000s\000f\000r\000.\000c}{chapter.10}% 233
\BOOKMARK [1][-]{section.10.125}{\376\377\0001\0000\000.\0001\0002\0005\000\040\000d\000r\000i\000v\000e\000r\000l\000i\000b\000/\000M\000S\000P\0004\0003\0000\000F\0005\000x\000x\000\137\0006\000x\000x\000/\000s\000f\000r\000.\000h\000-\000D\000a\000t\000e\000i\000r\000e\000f\000e\000r\000e\000n\000z}{chapter.10}% 234
\BOOKMARK [1][-]{section.10.126}{\376\377\0001\0000\000.\0001\0002\0006\000\040\000s\000f\000r\000.\000h}{chapter.10}% 235
\BOOKMARK [1][-]{section.10.127}{\376\377\0001\0000\000.\0001\0002\0007\000\040\000d\000r\000i\000v\000e\000r\000l\000i\000b\000/\000M\000S\000P\0004\0003\0000\000F\0005\000x\000x\000\137\0006\000x\000x\000/\000s\000y\000s\000c\000t\000l\000.\000c\000-\000D\000a\000t\000e\000i\000r\000e\000f\000e\000r\000e\000n\000z}{chapter.10}% 236
\BOOKMARK [1][-]{section.10.128}{\376\377\0001\0000\000.\0001\0002\0008\000\040\000s\000y\000s\000c\000t\000l\000.\000c}{chapter.10}% 237
\BOOKMARK [1][-]{section.10.129}{\376\377\0001\0000\000.\0001\0002\0009\000\040\000d\000r\000i\000v\000e\000r\000l\000i\000b\000/\000M\000S\000P\0004\0003\0000\000F\0005\000x\000x\000\137\0006\000x\000x\000/\000s\000y\000s\000c\000t\000l\000.\000h\000-\000D\000a\000t\000e\000i\000r\000e\000f\000e\000r\000e\000n\000z}{chapter.10}% 238
\BOOKMARK [1][-]{section.10.130}{\376\377\0001\0000\000.\0001\0003\0000\000\040\000s\000y\000s\000c\000t\000l\000.\000h}{chapter.10}% 239
\BOOKMARK [1][-]{section.10.131}{\376\377\0001\0000\000.\0001\0003\0001\000\040\000d\000r\000i\000v\000e\000r\000l\000i\000b\000/\000M\000S\000P\0004\0003\0000\000F\0005\000x\000x\000\137\0006\000x\000x\000/\000t\000e\000c\000.\000c\000-\000D\000a\000t\000e\000i\000r\000e\000f\000e\000r\000e\000n\000z}{chapter.10}% 240
\BOOKMARK [1][-]{section.10.132}{\376\377\0001\0000\000.\0001\0003\0002\000\040\000t\000e\000c\000.\000c}{chapter.10}% 241
\BOOKMARK [1][-]{section.10.133}{\376\377\0001\0000\000.\0001\0003\0003\000\040\000d\000r\000i\000v\000e\000r\000l\000i\000b\000/\000M\000S\000P\0004\0003\0000\000F\0005\000x\000x\000\137\0006\000x\000x\000/\000t\000e\000c\000.\000h\000-\000D\000a\000t\000e\000i\000r\000e\000f\000e\000r\000e\000n\000z}{chapter.10}% 242
\BOOKMARK [1][-]{section.10.134}{\376\377\0001\0000\000.\0001\0003\0004\000\040\000t\000e\000c\000.\000h}{chapter.10}% 243
\BOOKMARK [1][-]{section.10.135}{\376\377\0001\0000\000.\0001\0003\0005\000\040\000d\000r\000i\000v\000e\000r\000l\000i\000b\000/\000M\000S\000P\0004\0003\0000\000F\0005\000x\000x\000\137\0006\000x\000x\000/\000t\000i\000m\000e\000r\000\137\000a\000.\000c\000-\000D\000a\000t\000e\000i\000r\000e\000f\000e\000r\000e\000n\000z}{chapter.10}% 244
\BOOKMARK [1][-]{section.10.136}{\376\377\0001\0000\000.\0001\0003\0006\000\040\000t\000i\000m\000e\000r\000\137\000a\000.\000c}{chapter.10}% 245
\BOOKMARK [1][-]{section.10.137}{\376\377\0001\0000\000.\0001\0003\0007\000\040\000d\000r\000i\000v\000e\000r\000l\000i\000b\000/\000M\000S\000P\0004\0003\0000\000F\0005\000x\000x\000\137\0006\000x\000x\000/\000t\000i\000m\000e\000r\000\137\000a\000.\000h\000-\000D\000a\000t\000e\000i\000r\000e\000f\000e\000r\000e\000n\000z}{chapter.10}% 246
\BOOKMARK [1][-]{section.10.138}{\376\377\0001\0000\000.\0001\0003\0008\000\040\000t\000i\000m\000e\000r\000\137\000a\000.\000h}{chapter.10}% 247
\BOOKMARK [1][-]{section.10.139}{\376\377\0001\0000\000.\0001\0003\0009\000\040\000d\000r\000i\000v\000e\000r\000l\000i\000b\000/\000M\000S\000P\0004\0003\0000\000F\0005\000x\000x\000\137\0006\000x\000x\000/\000t\000i\000m\000e\000r\000\137\000b\000.\000c\000-\000D\000a\000t\000e\000i\000r\000e\000f\000e\000r\000e\000n\000z}{chapter.10}% 248
\BOOKMARK [1][-]{section.10.140}{\376\377\0001\0000\000.\0001\0004\0000\000\040\000t\000i\000m\000e\000r\000\137\000b\000.\000c}{chapter.10}% 249
\BOOKMARK [1][-]{section.10.141}{\376\377\0001\0000\000.\0001\0004\0001\000\040\000d\000r\000i\000v\000e\000r\000l\000i\000b\000/\000M\000S\000P\0004\0003\0000\000F\0005\000x\000x\000\137\0006\000x\000x\000/\000t\000i\000m\000e\000r\000\137\000b\000.\000h\000-\000D\000a\000t\000e\000i\000r\000e\000f\000e\000r\000e\000n\000z}{chapter.10}% 250
\BOOKMARK [1][-]{section.10.142}{\376\377\0001\0000\000.\0001\0004\0002\000\040\000t\000i\000m\000e\000r\000\137\000b\000.\000h}{chapter.10}% 251
\BOOKMARK [1][-]{section.10.143}{\376\377\0001\0000\000.\0001\0004\0003\000\040\000d\000r\000i\000v\000e\000r\000l\000i\000b\000/\000M\000S\000P\0004\0003\0000\000F\0005\000x\000x\000\137\0006\000x\000x\000/\000t\000i\000m\000e\000r\000\137\000d\000.\000c\000-\000D\000a\000t\000e\000i\000r\000e\000f\000e\000r\000e\000n\000z}{chapter.10}% 252
\BOOKMARK [1][-]{section.10.144}{\376\377\0001\0000\000.\0001\0004\0004\000\040\000t\000i\000m\000e\000r\000\137\000d\000.\000c}{chapter.10}% 253
\BOOKMARK [1][-]{section.10.145}{\376\377\0001\0000\000.\0001\0004\0005\000\040\000d\000r\000i\000v\000e\000r\000l\000i\000b\000/\000M\000S\000P\0004\0003\0000\000F\0005\000x\000x\000\137\0006\000x\000x\000/\000t\000i\000m\000e\000r\000\137\000d\000.\000h\000-\000D\000a\000t\000e\000i\000r\000e\000f\000e\000r\000e\000n\000z}{chapter.10}% 254
\BOOKMARK [1][-]{section.10.146}{\376\377\0001\0000\000.\0001\0004\0006\000\040\000t\000i\000m\000e\000r\000\137\000d\000.\000h}{chapter.10}% 255
\BOOKMARK [1][-]{section.10.147}{\376\377\0001\0000\000.\0001\0004\0007\000\040\000d\000r\000i\000v\000e\000r\000l\000i\000b\000/\000M\000S\000P\0004\0003\0000\000F\0005\000x\000x\000\137\0006\000x\000x\000/\000t\000l\000v\000.\000c\000-\000D\000a\000t\000e\000i\000r\000e\000f\000e\000r\000e\000n\000z}{chapter.10}% 256
\BOOKMARK [1][-]{section.10.148}{\376\377\0001\0000\000.\0001\0004\0008\000\040\000t\000l\000v\000.\000c}{chapter.10}% 257
\BOOKMARK [1][-]{section.10.149}{\376\377\0001\0000\000.\0001\0004\0009\000\040\000d\000r\000i\000v\000e\000r\000l\000i\000b\000/\000M\000S\000P\0004\0003\0000\000F\0005\000x\000x\000\137\0006\000x\000x\000/\000t\000l\000v\000.\000h\000-\000D\000a\000t\000e\000i\000r\000e\000f\000e\000r\000e\000n\000z}{chapter.10}% 258
\BOOKMARK [1][-]{section.10.150}{\376\377\0001\0000\000.\0001\0005\0000\000\040\000t\000l\000v\000.\000h}{chapter.10}% 259
\BOOKMARK [1][-]{section.10.151}{\376\377\0001\0000\000.\0001\0005\0001\000\040\000d\000r\000i\000v\000e\000r\000l\000i\000b\000/\000M\000S\000P\0004\0003\0000\000F\0005\000x\000x\000\137\0006\000x\000x\000/\000u\000c\000s\000.\000c\000-\000D\000a\000t\000e\000i\000r\000e\000f\000e\000r\000e\000n\000z}{chapter.10}% 260
\BOOKMARK [1][-]{section.10.152}{\376\377\0001\0000\000.\0001\0005\0002\000\040\000u\000c\000s\000.\000c}{chapter.10}% 261
\BOOKMARK [1][-]{section.10.153}{\376\377\0001\0000\000.\0001\0005\0003\000\040\000d\000r\000i\000v\000e\000r\000l\000i\000b\000/\000M\000S\000P\0004\0003\0000\000F\0005\000x\000x\000\137\0006\000x\000x\000/\000u\000c\000s\000.\000h\000-\000D\000a\000t\000e\000i\000r\000e\000f\000e\000r\000e\000n\000z}{chapter.10}% 262
\BOOKMARK [1][-]{section.10.154}{\376\377\0001\0000\000.\0001\0005\0004\000\040\000u\000c\000s\000.\000h}{chapter.10}% 263
\BOOKMARK [1][-]{section.10.155}{\376\377\0001\0000\000.\0001\0005\0005\000\040\000d\000r\000i\000v\000e\000r\000l\000i\000b\000/\000M\000S\000P\0004\0003\0000\000F\0005\000x\000x\000\137\0006\000x\000x\000/\000u\000s\000c\000i\000\137\000a\000\137\000s\000p\000i\000.\000c\000-\000D\000a\000t\000e\000i\000r\000e\000f\000e\000r\000e\000n\000z}{chapter.10}% 264
\BOOKMARK [1][-]{section.10.156}{\376\377\0001\0000\000.\0001\0005\0006\000\040\000u\000s\000c\000i\000\137\000a\000\137\000s\000p\000i\000.\000c}{chapter.10}% 265
\BOOKMARK [1][-]{section.10.157}{\376\377\0001\0000\000.\0001\0005\0007\000\040\000d\000r\000i\000v\000e\000r\000l\000i\000b\000/\000M\000S\000P\0004\0003\0000\000F\0005\000x\000x\000\137\0006\000x\000x\000/\000u\000s\000c\000i\000\137\000a\000\137\000s\000p\000i\000.\000h\000-\000D\000a\000t\000e\000i\000r\000e\000f\000e\000r\000e\000n\000z}{chapter.10}% 266
\BOOKMARK [1][-]{section.10.158}{\376\377\0001\0000\000.\0001\0005\0008\000\040\000u\000s\000c\000i\000\137\000a\000\137\000s\000p\000i\000.\000h}{chapter.10}% 267
\BOOKMARK [1][-]{section.10.159}{\376\377\0001\0000\000.\0001\0005\0009\000\040\000d\000r\000i\000v\000e\000r\000l\000i\000b\000/\000M\000S\000P\0004\0003\0000\000F\0005\000x\000x\000\137\0006\000x\000x\000/\000u\000s\000c\000i\000\137\000a\000\137\000u\000a\000r\000t\000.\000c\000-\000D\000a\000t\000e\000i\000r\000e\000f\000e\000r\000e\000n\000z}{chapter.10}% 268
\BOOKMARK [1][-]{section.10.160}{\376\377\0001\0000\000.\0001\0006\0000\000\040\000u\000s\000c\000i\000\137\000a\000\137\000u\000a\000r\000t\000.\000c}{chapter.10}% 269
\BOOKMARK [1][-]{section.10.161}{\376\377\0001\0000\000.\0001\0006\0001\000\040\000d\000r\000i\000v\000e\000r\000l\000i\000b\000/\000M\000S\000P\0004\0003\0000\000F\0005\000x\000x\000\137\0006\000x\000x\000/\000u\000s\000c\000i\000\137\000a\000\137\000u\000a\000r\000t\000.\000h\000-\000D\000a\000t\000e\000i\000r\000e\000f\000e\000r\000e\000n\000z}{chapter.10}% 270
\BOOKMARK [1][-]{section.10.162}{\376\377\0001\0000\000.\0001\0006\0002\000\040\000u\000s\000c\000i\000\137\000a\000\137\000u\000a\000r\000t\000.\000h}{chapter.10}% 271
\BOOKMARK [1][-]{section.10.163}{\376\377\0001\0000\000.\0001\0006\0003\000\040\000d\000r\000i\000v\000e\000r\000l\000i\000b\000/\000M\000S\000P\0004\0003\0000\000F\0005\000x\000x\000\137\0006\000x\000x\000/\000u\000s\000c\000i\000\137\000b\000\137\000i\0002\000c\000.\000c\000-\000D\000a\000t\000e\000i\000r\000e\000f\000e\000r\000e\000n\000z}{chapter.10}% 272
\BOOKMARK [1][-]{section.10.164}{\376\377\0001\0000\000.\0001\0006\0004\000\040\000u\000s\000c\000i\000\137\000b\000\137\000i\0002\000c\000.\000c}{chapter.10}% 273
\BOOKMARK [1][-]{section.10.165}{\376\377\0001\0000\000.\0001\0006\0005\000\040\000d\000r\000i\000v\000e\000r\000l\000i\000b\000/\000M\000S\000P\0004\0003\0000\000F\0005\000x\000x\000\137\0006\000x\000x\000/\000u\000s\000c\000i\000\137\000b\000\137\000i\0002\000c\000.\000h\000-\000D\000a\000t\000e\000i\000r\000e\000f\000e\000r\000e\000n\000z}{chapter.10}% 274
\BOOKMARK [1][-]{section.10.166}{\376\377\0001\0000\000.\0001\0006\0006\000\040\000u\000s\000c\000i\000\137\000b\000\137\000i\0002\000c\000.\000h}{chapter.10}% 275
\BOOKMARK [1][-]{section.10.167}{\376\377\0001\0000\000.\0001\0006\0007\000\040\000d\000r\000i\000v\000e\000r\000l\000i\000b\000/\000M\000S\000P\0004\0003\0000\000F\0005\000x\000x\000\137\0006\000x\000x\000/\000u\000s\000c\000i\000\137\000b\000\137\000s\000p\000i\000.\000c\000-\000D\000a\000t\000e\000i\000r\000e\000f\000e\000r\000e\000n\000z}{chapter.10}% 276
\BOOKMARK [1][-]{section.10.168}{\376\377\0001\0000\000.\0001\0006\0008\000\040\000u\000s\000c\000i\000\137\000b\000\137\000s\000p\000i\000.\000c}{chapter.10}% 277
\BOOKMARK [1][-]{section.10.169}{\376\377\0001\0000\000.\0001\0006\0009\000\040\000d\000r\000i\000v\000e\000r\000l\000i\000b\000/\000M\000S\000P\0004\0003\0000\000F\0005\000x\000x\000\137\0006\000x\000x\000/\000u\000s\000c\000i\000\137\000b\000\137\000s\000p\000i\000.\000h\000-\000D\000a\000t\000e\000i\000r\000e\000f\000e\000r\000e\000n\000z}{chapter.10}% 278
\BOOKMARK [1][-]{section.10.170}{\376\377\0001\0000\000.\0001\0007\0000\000\040\000u\000s\000c\000i\000\137\000b\000\137\000s\000p\000i\000.\000h}{chapter.10}% 279
\BOOKMARK [1][-]{section.10.171}{\376\377\0001\0000\000.\0001\0007\0001\000\040\000d\000r\000i\000v\000e\000r\000l\000i\000b\000/\000M\000S\000P\0004\0003\0000\000F\0005\000x\000x\000\137\0006\000x\000x\000/\000w\000d\000t\000\137\000a\000.\000c\000-\000D\000a\000t\000e\000i\000r\000e\000f\000e\000r\000e\000n\000z}{chapter.10}% 280
\BOOKMARK [1][-]{section.10.172}{\376\377\0001\0000\000.\0001\0007\0002\000\040\000w\000d\000t\000\137\000a\000.\000c}{chapter.10}% 281
\BOOKMARK [1][-]{section.10.173}{\376\377\0001\0000\000.\0001\0007\0003\000\040\000d\000r\000i\000v\000e\000r\000l\000i\000b\000/\000M\000S\000P\0004\0003\0000\000F\0005\000x\000x\000\137\0006\000x\000x\000/\000w\000d\000t\000\137\000a\000.\000h\000-\000D\000a\000t\000e\000i\000r\000e\000f\000e\000r\000e\000n\000z}{chapter.10}% 282
\BOOKMARK [1][-]{section.10.174}{\376\377\0001\0000\000.\0001\0007\0004\000\040\000w\000d\000t\000\137\000a\000.\000h}{chapter.10}% 283
\BOOKMARK [1][-]{section.10.175}{\376\377\0001\0000\000.\0001\0007\0005\000\040\000m\000a\000i\000n\000.\000c\000-\000D\000a\000t\000e\000i\000r\000e\000f\000e\000r\000e\000n\000z}{chapter.10}% 284
\BOOKMARK [2][-]{subsection.10.175.1}{\376\377\0001\0000\000.\0001\0007\0005\000.\0001\000\040\000A\000u\000s\000f\000\374\000h\000r\000l\000i\000c\000h\000e\000\040\000B\000e\000s\000c\000h\000r\000e\000i\000b\000u\000n\000g}{section.10.175}% 285
\BOOKMARK [2][-]{subsection.10.175.2}{\376\377\0001\0000\000.\0001\0007\0005\000.\0002\000\040\000t\000o\000d\000o}{section.10.175}% 286
\BOOKMARK [2][-]{subsection.10.175.3}{\376\377\0001\0000\000.\0001\0007\0005\000.\0003\000\040\000M\000a\000k\000r\000o\000-\000D\000o\000k\000u\000m\000e\000n\000t\000a\000t\000i\000o\000n}{section.10.175}% 287
\BOOKMARK [3][-]{subsubsection.10.175.3.1}{\376\377\0001\0000\000.\0001\0007\0005\000.\0003\000.\0001\000\040\000B\000L\000I\000N\000K\000\137\000P\000E\000R\000I\000O\000D\000\137\000M\000S}{subsection.10.175.3}% 288
\BOOKMARK [3][-]{subsubsection.10.175.3.2}{\376\377\0001\0000\000.\0001\0007\0005\000.\0003\000.\0002\000\040\000D\000E\000B\000O\000U\000N\000C\000E\000\137\000T\000I\000M\000E\000\137\000M\000S}{subsection.10.175.3}% 289
\BOOKMARK [3][-]{subsubsection.10.175.3.3}{\376\377\0001\0000\000.\0001\0007\0005\000.\0003\000.\0003\000\040\000F\000O\000R\000E\000V\000E\000R}{subsection.10.175.3}% 290
\BOOKMARK [3][-]{subsubsection.10.175.3.4}{\376\377\0001\0000\000.\0001\0007\0005\000.\0003\000.\0004\000\040\000L\000E\000D\000\137\000G\000R\000E\000E\000N\000\137\000P\0004}{subsection.10.175.3}% 291
\BOOKMARK [3][-]{subsubsection.10.175.3.5}{\376\377\0001\0000\000.\0001\0007\0005\000.\0003\000.\0005\000\040\000L\000E\000D\000\137\000R\000O\000T}{subsection.10.175.3}% 292
\BOOKMARK [3][-]{subsubsection.10.175.3.6}{\376\377\0001\0000\000.\0001\0007\0005\000.\0003\000.\0006\000\040\000L\000E\000D\000\137\000R\000O\000T\000\137\000M\000A\000S\000K}{subsection.10.175.3}% 293
\BOOKMARK [3][-]{subsubsection.10.175.3.7}{\376\377\0001\0000\000.\0001\0007\0005\000.\0003\000.\0007\000\040\000L\000O\000N\000G\000\137\000P\000R\000E\000S\000S\000\137\000T\000H\000R\000E\000S\000H\000O\000L\000D\000\137\000M\000S}{subsection.10.175.3}% 294
\BOOKMARK [2][-]{subsection.10.175.4}{\376\377\0001\0000\000.\0001\0007\0005\000.\0004\000\040\000D\000o\000k\000u\000m\000e\000n\000t\000a\000t\000i\000o\000n\000\040\000d\000e\000r\000\040\000A\000u\000f\000z\000\344\000h\000l\000u\000n\000g\000s\000t\000y\000p\000e\000n}{section.10.175}% 295
\BOOKMARK [3][-]{subsubsection.10.175.4.1}{\376\377\0001\0000\000.\0001\0007\0005\000.\0004\000.\0001\000\040\000B\000u\000t\000t\000o\000n\000E\000v\000e\000n\000t\000\137\000t}{subsection.10.175.4}% 296
\BOOKMARK [3][-]{subsubsection.10.175.4.2}{\376\377\0001\0000\000.\0001\0007\0005\000.\0004\000.\0002\000\040\000B\000u\000t\000t\000o\000n\000S\000t\000a\000t\000e\000\137\000t}{subsection.10.175.4}% 297
\BOOKMARK [3][-]{subsubsection.10.175.4.3}{\376\377\0001\0000\000.\0001\0007\0005\000.\0004\000.\0003\000\040\000L\000e\000d\000S\000t\000a\000t\000e\000\137\000t}{subsection.10.175.4}% 298
\BOOKMARK [2][-]{subsection.10.175.5}{\376\377\0001\0000\000.\0001\0007\0005\000.\0005\000\040\000D\000o\000k\000u\000m\000e\000n\000t\000a\000t\000i\000o\000n\000\040\000d\000e\000r\000\040\000F\000u\000n\000k\000t\000i\000o\000n\000e\000n}{section.10.175}% 299
\BOOKMARK [3][-]{subsubsection.10.175.5.1}{\376\377\0001\0000\000.\0001\0007\0005\000.\0005\000.\0001\000\040\000A\000p\000p\000\137\0001\000m\000s\000\137\000T\000i\000c\000k\000\050\000\051}{subsection.10.175.5}% 300
\BOOKMARK [3][-]{subsubsection.10.175.5.2}{\376\377\0001\0000\000.\0001\0007\0005\000.\0005\000.\0002\000\040\000B\000u\000t\000t\000o\000n\000\137\000I\000n\000i\000t\000\050\000\051}{subsection.10.175.5}% 301
\BOOKMARK [3][-]{subsubsection.10.175.5.3}{\376\377\0001\0000\000.\0001\0007\0005\000.\0005\000.\0003\000\040\000B\000u\000t\000t\000o\000n\000\137\000P\000r\000o\000c\000e\000s\000s\000\137\0001\000m\000s\000\050\000\051}{subsection.10.175.5}% 302
\BOOKMARK [3][-]{subsubsection.10.175.5.4}{\376\377\0001\0000\000.\0001\0007\0005\000.\0005\000.\0004\000\040\000B\000u\000t\000t\000o\000n\000\137\000R\000e\000a\000d\000R\000a\000w\000\050\000\051}{subsection.10.175.5}% 303
\BOOKMARK [3][-]{subsubsection.10.175.5.5}{\376\377\0001\0000\000.\0001\0007\0005\000.\0005\000.\0005\000\040\000d\000e\000l\000a\000y\000\050\000\051}{subsection.10.175.5}% 304
\BOOKMARK [3][-]{subsubsection.10.175.5.6}{\376\377\0001\0000\000.\0001\0007\0005\000.\0005\000.\0006\000\040\000i\000n\000i\000t\000\137\000c\000l\000o\000c\000k\000\050\000\051}{subsection.10.175.5}% 305
\BOOKMARK [3][-]{subsubsection.10.175.5.7}{\376\377\0001\0000\000.\0001\0007\0005\000.\0005\000.\0007\000\040\000L\000E\000D\000\137\000H\000a\000n\000d\000l\000e\000E\000v\000e\000n\000t\000\050\000\051}{subsection.10.175.5}% 306
\BOOKMARK [3][-]{subsubsection.10.175.5.8}{\376\377\0001\0000\000.\0001\0007\0005\000.\0005\000.\0008\000\040\000L\000E\000D\000\137\000I\000n\000i\000t\000\050\000\051}{subsection.10.175.5}% 307
\BOOKMARK [3][-]{subsubsection.10.175.5.9}{\376\377\0001\0000\000.\0001\0007\0005\000.\0005\000.\0009\000\040\000L\000E\000D\000\137\000P\000r\000o\000c\000e\000s\000s\000\137\0001\000m\000s\000\050\000\051}{subsection.10.175.5}% 308
\BOOKMARK [3][-]{subsubsection.10.175.5.10}{\376\377\0001\0000\000.\0001\0007\0005\000.\0005\000.\0001\0000\000\040\000L\000E\000D\000\137\000S\000e\000t\000H\000a\000r\000d\000w\000a\000r\000e\000\050\000\051}{subsection.10.175.5}% 309
\BOOKMARK [3][-]{subsubsection.10.175.5.11}{\376\377\0001\0000\000.\0001\0007\0005\000.\0005\000.\0001\0001\000\040\000r\000e\000a\000d\000\137\000K\000e\000y\000S\0001\000\050\000\051}{subsection.10.175.5}% 310
\BOOKMARK [3][-]{subsubsection.10.175.5.12}{\376\377\0001\0000\000.\0001\0007\0005\000.\0005\000.\0001\0002\000\040\000s\000e\000t\000u\000p\000\050\000\051}{subsection.10.175.5}% 311
\BOOKMARK [3][-]{subsubsection.10.175.5.13}{\376\377\0001\0000\000.\0001\0007\0005\000.\0005\000.\0001\0003\000\040\000S\000t\000o\000p\000W\000a\000t\000c\000h\000d\000o\000g\000\050\000\051}{subsection.10.175.5}% 312
\BOOKMARK [3][-]{subsubsection.10.175.5.14}{\376\377\0001\0000\000.\0001\0007\0005\000.\0005\000.\0001\0004\000\040\000s\000t\000r\000\137\000t\000o\000\137\000b\000c\000U\000A\000R\000T\000\050\000\051}{subsection.10.175.5}% 313
\BOOKMARK [2][-]{subsection.10.175.6}{\376\377\0001\0000\000.\0001\0007\0005\000.\0006\000\040\000V\000a\000r\000i\000a\000b\000l\000e\000n\000-\000D\000o\000k\000u\000m\000e\000n\000t\000a\000t\000i\000o\000n}{section.10.175}% 314
\BOOKMARK [3][-]{subsubsection.10.175.6.1}{\376\377\0001\0000\000.\0001\0007\0005\000.\0006\000.\0001\000\040\000g\000\137\000b\000u\000t\000t\000o\000n}{subsection.10.175.6}% 315
\BOOKMARK [3][-]{subsubsection.10.175.6.2}{\376\377\0001\0000\000.\0001\0007\0005\000.\0006\000.\0002\000\040\000g\000\137\000l\000e\000d}{subsection.10.175.6}% 316
\BOOKMARK [1][-]{section.10.176}{\376\377\0001\0000\000.\0001\0007\0006\000\040\000m\000a\000i\000n\000.\000c}{chapter.10}% 317
\BOOKMARK [0][-]{section*.176}{\376\377\000I\000n\000d\000e\000x}{}% 318
